0.000000 bits average error
0.000000 max  error

0.000000 bits average error
0.000000 max  error

62.000986 bits average error
62.001267 max  error

compare
branch flipped 0 times out of 4 compare @ 9


