(output
  (argIdx 0)
  (function "main")
  (filename "fma.c")
  (line-num 10)
  (instr-addr 4005BD)
  (avg-error 0.000000)
  (max-error 0.000000)
  (num-calls 1)
  (influences
    (
    )
  )
)
