(output
  (argIdx 0)
  (function "main")
  (filename "mini.c")
  (line-num 8)
  (instr-addr 40088D)
  (avg-error 0.000000)
  (max-error 0.000000)
  (num-calls 1)
  (influences
    (
    )
  )
)
