(output
  (argIdx 0)
  (function "main")
  (filename "redir.c")
  (line-num 9)
  (instr-addr 400899)
  (avg-error 0.000000)
  (max-error 0.000000)
  (num-calls 1)
  (influences
    (
    )
  )
)
