(output
  (function "main")
  (filename "var-test-2.c")
  (line-num 12)
  (instr-addr 400882)
  (avg-error 0.000000)
  (max-error 0.000000)
  (num-calls 2)
  (influences
    (
    )
  )
)
