(output
  (argIdx 0)
  (function "main")
  (filename "var-test-2.c")
  (line-num 12)
  (instr-addr 40058D)
  (avg-error 0.000000)
  (max-error 0.000000)
  (num-calls 1)
  (influences
    (
    )
  )
)
(output
  (argIdx 1)
  (function "main")
  (filename "var-test-2.c")
  (line-num 12)
  (instr-addr 40058D)
  (avg-error 0.000000)
  (max-error 0.000000)
  (num-calls 1)
  (influences
    (
    )
  )
)
